04-16 00:26:42.738 10367 10367 I org.doubango.ngn.services.impl.NgnNetworkService: interface=rev_rmnet1 is not up
04-16 00:26:42.737 10367 10367 I org.doubango.ngn.services.impl.NgnNetworkService: interface=rev_rmnet0 is not up
04-16 00:26:42.737 10367 10367 I org.doubango.ngn.services.impl.NgnNetworkService: interface=rmnet1 is not up
04-16 00:26:42.737 10367 10367 I org.doubango.ngn.services.impl.NgnNetworkService: interface=rmnet0 is not up
04-16 00:26:42.737 10367 10367 I org.doubango.ngn.services.impl.NgnNetworkService: interface=rmnet4 is not up
04-16 00:26:42.736 10367 10367 I org.doubango.ngn.services.impl.NgnNetworkService: interface=rmnet3 is not up
04-16 00:26:42.736 10367 10367 I org.doubango.ngn.services.impl.NgnNetworkService: interface=rmnet2 is not up
04-16 00:26:42.736 10367 10367 I org.doubango.ngn.services.impl.NgnNetworkService: interface=rmnet7 is not up
04-16 00:26:42.736 10367 10367 I org.doubango.ngn.services.impl.NgnNetworkService: interface=rmnet6 is not up
04-16 00:26:42.735 10367 10367 I org.doubango.ngn.services.impl.NgnNetworkService: interface=rmnet5 is not up
04-16 00:26:42.735 10367 10367 D org.doubango.ngn.services.impl.NgnNetworkService: 127.0.0.1
04-16 00:26:42.735 10367 10367 D org.doubango.ngn.services.impl.NgnNetworkService: ::1%1
04-16 00:26:42.735 10367 10367 D org.doubango.ngn.services.impl.NgnNetworkService: fe80::f8a9:d0ff:fe3f:9b72%p2p0
04-16 00:26:42.734 10367 10367 I org.doubango.ngn.services.impl.NgnNetworkService: interface=sit0 is not up
04-16 00:26:42.734 10367 10367 D org.doubango.ngn.services.impl.NgnNetworkService: 192.168.0.13
04-16 00:26:42.734 10367 10367 D org.doubango.ngn.services.impl.NgnNetworkService: fe80::faa9:d0ff:fe3f:9b72%wlan0
04-16 00:26:42.734 10367 10367 D org.doubango.ngn.services.impl.NgnNetworkService: 2606:6000:cd47:6b00:faa9:d0ff:fe3f:9b72%21
04-16 00:26:42.734 10367 10367 D org.doubango.ngn.services.impl.NgnNetworkService: 2606:6000:cd47:6b00:8175:778d:9c74:e05c%21
04-16 00:26:42.723 10367 10367 D org.doubango.ngn.services.impl.NgnSipService: pcscf-host='199.27.244.13', pcscf-port='5060', transport='UDP', ipversion='ipv4'
04-16 00:26:42.722 10367 10367 D org.doubango.ngn.services.impl.NgnSipService: STUN2 - server=numb.viagenie.ca and port=3478
04-16 00:26:42.722 10367 10367 D org.doubango.ngn.services.impl.NgnSipService: realm='sip:199.27.244.13', impu='sip:19958009-19958009@199.27.244.13', impi='19958009-19958009'
04-16 00:26:42.722 10367 10367 D org.doubango.ngn.services.impl.NgnSipService: register()
04-16 00:26:42.672 10367 12082 D org.doubango.ngn.services.impl.NgnSipService: OnDialogEvent ((un)REGISTER request successfully sent.,1)
04-16 00:26:42.662 10367 10367 I tinyWRAP:
04-16 00:26:42.662 10367 10367 I tinyWRAP:
04-16 00:26:42.662 10367 10367 I tinyWRAP:
04-16 00:26:42.662 10367 10367 I tinyWRAP:
04-16 00:26:42.662 10367 10367 I tinyWRAP: Supported: path
04-16 00:26:42.662 10367 10367 I tinyWRAP: P-Preferred-Identity: <sip:19958009-19958009@199.27.244.13>
04-16 00:26:42.662 10367 10367 I tinyWRAP: Authorization: Digest username="19958009-19958009",realm="199.27.244.13",nonce="",uri="sip:199.27.244.13",response=""
04-16 00:26:42.662 10367 10367 I tinyWRAP: Max-Forwards: 70
04-16 00:26:42.662 10367 10367 I tinyWRAP: Content-Length: 0
04-16 00:26:42.662 10367 10367 I tinyWRAP: CSeq: 1945788313 REGISTER
04-16 00:26:42.662 10367 10367 I tinyWRAP: Call-ID: af9fb052-9553-aeba-cece-53536041fdfd
04-16 00:26:42.662 10367 10367 I tinyWRAP: Contact: <sip:19958009-19958009@192.168.0.13:45369;transport=udp>;expires=1700;+g.oma.sip-im;language="en,fr";+g.3gpp.smsip;+g.oma.sip-im.large-message;audio;+g.3gpp.icsi-ref="urn%3Aurn-7%3A3gpp-application.ims.iari.gsma-vs";+g.3gpp.cs-voice
04-16 00:26:42.662 10367 10367 I tinyWRAP: To: <sip:19958009-19958009@199.27.244.13>
04-16 00:26:42.662 10367 10367 I tinyWRAP: From: <sip:19958009-19958009@199.27.244.13>;tag=116821706
04-16 00:26:42.662 10367 10367 I tinyWRAP: Via: SIP/2.0/UDP 192.168.0.13:45369;branch=z9hG4bK-617733481;rport
04-16 00:26:42.662 10367 10367 I tinyWRAP: SEND: REGISTER sip:199.27.24.113 SIP/2.0
04-16 00:26:42.662 10367 10367 I tinyWRAP:
04-16 00:26:42.662 10367 10367 I tinyWRAP: *INFO:
04-16 00:26:42.659 10367 10367 I tinyWRAP: *INFO: State machine: tsip_transac_nict_Started_2_Trying_X_send
04-16 00:26:42.658 10367 12082 D org.doubango.ngn.services.impl.NgnSipService: OnDialogEvent (Dialog connecting,1)
04-16 00:26:42.656 10367 10367 I tinyWRAP: *INFO: State machine: tsip_dialog_register_Started_2_InProgress_X_oRegister
04-16 00:26:42.653 10367 12082 D org.doubango.ngn.services.impl.NgnSipService: Stack started
04-16 00:26:42.650 10367 12086 I tinyWRAP: *INFO: Starting [SIP transport] server with IP {192.168.0.13} on port {45369} using fd {42} with type {3}...
04-16 00:26:42.650 10367 12085 I tinyWRAP: *INFO: Transport::run() - enter
04-16 00:26:42.650 10367 10367 I tinyWRAP: *INFO: SIP STACK -- START
04-16 00:26:42.650 10367 10367 I tinyWRAP: *INFO: Socket added[SIP transport]: fd=42, tail.count=2
04-16 00:26:42.650 10367 10367 I tinyWRAP: *INFO: master fd=42
04-16 00:26:42.650 10367 10367 I tinyWRAP: *INFO: Socket added[SIP transport]: fd=43, tail.count=1
04-16 00:26:42.650 10367 10367 I tinyWRAP: *INFO: pipeR fd=43
04-16 00:26:42.650 10367 10367 I tinyWRAP: *INFO: tnet_transport_prepare()
04-16 00:26:42.649 10367 12083 I tinyWRAP: *INFO: TIMER MANAGER -- START
04-16 00:26:42.649 10367 12082 I tinyWRAP: *INFO: SIP STACK::run -- START
04-16 00:26:42.649 10367 12081 I tinyWRAP: *INFO: Timer manager run()::enter
04-16 00:26:42.649 10367 10367 I tinyWRAP: *INFO: Proxy-CSCF=[199.27.244.13]:5060
04-16 00:26:42.649 10367 10367 I tinyWRAP: *INFO: tsk_timer_manager_start
04-16 00:26:42.649 10367 10367 I tinyWRAP: *INFO: Stack running in CLIENT mode
04-16 00:26:42.637 10367 10367 D org.doubango.ngn.services.impl.NgnNetworkService: netType=1 and netSubType=0
04-16 00:26:42.637 10367 10367 D org.doubango.ngn.services.impl.NgnNetworkService: acquireNetworkLock()
04-16 00:26:42.637 10367 10367 D org.doubango.ngn.services.impl.NgnSipService: TLS - pvk='null' pbk='null' ca='null' verify=false
04-16 00:26:42.637 10367 10367 D org.doubango.ngn.services.impl.NgnSipService: Local IP='192.168.0.13'
04-16 00:26:42.637 10367 10367 I org.doubango.ngn.services.impl.NgnNetworkService: interface=rev_rmnet8 is not up
04-16 00:26:42.636 10367 10367 I org.doubango.ngn.services.impl.NgnNetworkService: interface=rev_rmnet4 is not up
04-16 00:26:42.636 10367 10367 I org.doubango.ngn.services.impl.NgnNetworkService: interface=rev_rmnet3 is not up
04-16 00:26:42.636 10367 10367 I org.doubango.ngn.services.impl.NgnNetworkService: interface=rev_rmnet2 is not up
04-16 00:26:42.636 10367 10367 I org.doubango.ngn.services.impl.NgnNetworkService: interface=rev_rmnet7 is not up
04-16 00:26:42.636 10367 10367 I org.doubango.ngn.services.impl.NgnNetworkService: interface=rev_rmnet6 is not up
04-16 00:26:42.636 10367 10367 I org.doubango.ngn.services.impl.NgnNetworkService: interface=rev_rmnet5 is not up
04-16 00:26:42.635 10367 10367 I org.doubango.ngn.services.impl.NgnNetworkService: interface=rev_rmnet1 is not up
04-16 00:26:42.635 10367 10367 I org.doubango.ngn.services.impl.NgnNetworkService: interface=rev_rmnet0 is not up
04-16 00:26:42.635 10367 10367 I org.doubango.ngn.services.impl.NgnNetworkService: interface=rmnet1 is not up
04-16 00:26:42.635 10367 10367 I org.doubango.ngn.services.impl.NgnNetworkService: interface=rmnet0 is not up
04-16 00:26:42.635 10367 10367 I org.doubango.ngn.services.impl.NgnNetworkService: interface=rmnet4 is not up
04-16 00:26:42.635 10367 10367 I org.doubango.ngn.services.impl.NgnNetworkService: interface=rmnet3 is not up
04-16 00:26:42.634 10367 10367 I org.doubango.ngn.services.impl.NgnNetworkService: interface=rmnet2 is not up
04-16 00:26:42.634 10367 10367 I org.doubango.ngn.services.impl.NgnNetworkService: interface=rmnet7 is not up
04-16 00:26:42.634 10367 10367 I org.doubango.ngn.services.impl.NgnNetworkService: interface=rmnet6 is not up
04-16 00:26:42.634 10367 10367 I org.doubango.ngn.services.impl.NgnNetworkService: interface=rmnet5 is not up
04-16 00:26:42.634 10367 10367 D org.doubango.ngn.services.impl.NgnNetworkService: 127.0.0.1
04-16 00:26:42.634 10367 10367 D org.doubango.ngn.services.impl.NgnNetworkService: ::1%1
04-16 00:26:42.633 10367 10367 D org.doubango.ngn.services.impl.NgnNetworkService: fe80::f8a9:d0ff:fe3f:9b72%p2p0
04-16 00:26:42.633 10367 10367 I org.doubango.ngn.services.impl.NgnNetworkService: interface=sit0 is not up
04-16 00:26:42.633 10367 10367 D org.doubango.ngn.services.impl.NgnNetworkService: 192.168.0.13
04-16 00:26:42.633 10367 10367 D org.doubango.ngn.services.impl.NgnNetworkService: fe80::faa9:d0ff:fe3f:9b72%wlan0
04-16 00:26:42.633 10367 10367 D org.doubango.ngn.services.impl.NgnNetworkService: 2606:6000:cd47:6b00:faa9:d0ff:fe3f:9b72%21
04-16 00:26:42.633 10367 10367 D org.doubango.ngn.services.impl.NgnNetworkService: 2606:6000:cd47:6b00:8175:778d:9c74:e05c%21
04-16 00:26:42.620 10367 10367 D org.doubango.ngn.services.impl.NgnSipService: pcscf-host='199.27.244.13', pcscf-port='5060', transport='UDP', ipversion='ipv4'
04-16 00:26:42.620 10367 10367 D org.doubango.ngn.services.impl.NgnSipService: STUN2 - server=numb.viagenie.ca and port=3478
04-16 00:26:42.619 10367 10367 D org.doubango.ngn.services.impl.NgnSipService: realm='sip:199.27.244.13', impu='sip:19958009-19958009@199.27.244.13', impi='19958009-19958009'
04-16 00:26:42.619 10367 10367 D org.doubango.ngn.services.impl.NgnSipService: register()
04-16 00:26:42.568 10367 10367 D com.app.GTel.Screens.ScreenSplash: onReceive()
04-16 00:26:42.567 10367 10367 D com.app.GTel.NativeService: onStart()
04-16 00:26:42.567 10367 10367 D org.doubango.ngn.NgnNativeService: onStart()
04-16 00:26:42.485 10367 12064 D org.doubango.ngn.services.impl.NgnHistoryService: History loaded
04-16 00:26:42.029 10367 12065 I OpenGLRenderer: Initialized EGL, version 1.4
04-16 00:26:42.016 10367 12065 I Adreno-EGL: <qeglDrvAPI_eglInitialize:379>: QUALCOMM Build: 10/21/15, 369a2ea, I96aee987eb
04-16 00:26:41.954 10367 12067 D org.doubango.ngn.services.impl.NgnContactService: Observer Looper enter()
04-16 00:26:41.953 10367 12064 D org.doubango.ngn.services.impl.NgnHistoryService: Loading history
04-16 00:26:41.953 10367 12064 D org.doubango.ngn.services.impl.NgnSoundService: starting...
04-16 00:26:41.952 10367 12064 D org.doubango.ngn.services.impl.NgnSipService: starting...
04-16 00:26:41.952 10367 12064 D org.doubango.ngn.services.impl.NgnContactService: starting...
04-16 00:26:41.950 10367 12064 D org.doubango.ngn.services.impl.NgnHistoryService: Starting...
04-16 00:26:41.945 10367 12064 D org.doubango.ngn.services.impl.NgnHttpClientService: Starting...
04-16 00:26:41.943 10367 12065 D OpenGLRenderer: Use EGL_SWAP_BEHAVIOR_PRESERVED: true
04-16 00:26:41.940 10367 12064 D org.doubango.ngn.services.impl.NgnNetworkService: Starting...
04-16 00:26:41.940 10367 12064 D org.doubango.ngn.services.impl.NgnStorageService: starting...
04-16 00:26:41.939 10367 12064 D org.doubango.ngn.services.impl.NgnConfigurationService: starting...
04-16 00:26:41.939 10367 12064 D com.app.GTel.Screens.ScreenSplash: Starts the engine from the splash screen
04-16 00:26:41.791 10367 10367 E org.doubango.ngn.services.impl.NgnSipService: Failed to start the SIP stack
04-16 00:26:41.789 10367 10367 E org.doubango.ngn.services.impl.NgnNetworkService: No active network
04-16 00:26:41.789 10367 10367 D org.doubango.ngn.services.impl.NgnNetworkService: WiFi not enabled
04-16 00:26:41.789 10367 10367 D org.doubango.ngn.services.impl.NgnNetworkService: netType=1 and netSubType=0
04-16 00:26:41.789 10367 10367 D org.doubango.ngn.services.impl.NgnNetworkService: acquireNetworkLock()
04-16 00:26:41.789 10367 10367 D org.doubango.ngn.services.impl.NgnSipService: TLS - pvk='null' pbk='null' ca='null' verify=false
04-16 00:26:41.789 10367 10367 D org.doubango.ngn.services.impl.NgnSipService: Local IP='192.168.0.13'
04-16 00:26:41.789 10367 10367 I org.doubango.ngn.services.impl.NgnNetworkService: interface=rev_rmnet8 is not up
04-16 00:26:41.788 10367 10367 I org.doubango.ngn.services.impl.NgnNetworkService: interface=rev_rmnet4 is not up
04-16 00:26:41.788 10367 10367 I org.doubango.ngn.services.impl.NgnNetworkService: interface=rev_rmnet3 is not up
04-16 00:26:41.788 10367 10367 I org.doubango.ngn.services.impl.NgnNetworkService: interface=rev_rmnet2 is not up
04-16 00:26:41.788 10367 10367 I org.doubango.ngn.services.impl.NgnNetworkService: interface=rev_rmnet7 is not up
04-16 00:26:41.788 10367 10367 I org.doubango.ngn.services.impl.NgnNetworkService: interface=rev_rmnet6 is not up
04-16 00:26:41.788 10367 10367 I org.doubango.ngn.services.impl.NgnNetworkService: interface=rev_rmnet5 is not up
04-16 00:26:41.788 10367 10367 I org.doubango.ngn.services.impl.NgnNetworkService: interface=rev_rmnet1 is not up
04-16 00:26:41.787 10367 10367 I org.doubango.ngn.services.impl.NgnNetworkService: interface=rev_rmnet0 is not up
04-16 00:26:41.787 10367 10367 I org.doubango.ngn.services.impl.NgnNetworkService: interface=rmnet1 is not up
04-16 00:26:41.787 10367 10367 I org.doubango.ngn.services.impl.NgnNetworkService: interface=rmnet0 is not up
04-16 00:26:41.787 10367 10367 I org.doubango.ngn.services.impl.NgnNetworkService: interface=rmnet4 is not up
04-16 00:26:41.787 10367 10367 I org.doubango.ngn.services.impl.NgnNetworkService: interface=rmnet3 is not up
04-16 00:26:41.787 10367 10367 I org.doubango.ngn.services.impl.NgnNetworkService: interface=rmnet2 is not up
04-16 00:26:41.786 10367 10367 I org.doubango.ngn.services.impl.NgnNetworkService: interface=rmnet7 is not up
04-16 00:26:41.786 10367 10367 I org.doubango.ngn.services.impl.NgnNetworkService: interface=rmnet6 is not up
04-16 00:26:41.786 10367 10367 I org.doubango.ngn.services.impl.NgnNetworkService: interface=rmnet5 is not up
04-16 00:26:41.786 10367 10367 D org.doubango.ngn.services.impl.NgnNetworkService: 127.0.0.1
04-16 00:26:41.786 10367 10367 D org.doubango.ngn.services.impl.NgnNetworkService: ::1%1
04-16 00:26:41.786 10367 10367 D org.doubango.ngn.services.impl.NgnNetworkService: fe80::f8a9:d0ff:fe3f:9b72%p2p0
04-16 00:26:41.786 10367 10367 I org.doubango.ngn.services.impl.NgnNetworkService: interface=sit0 is not up
04-16 00:26:41.785 10367 10367 D org.doubango.ngn.services.impl.NgnNetworkService: 192.168.0.13
04-16 00:26:41.785 10367 10367 D org.doubango.ngn.services.impl.NgnNetworkService: fe80::faa9:d0ff:fe3f:9b72%wlan0
04-16 00:26:41.785 10367 10367 D org.doubango.ngn.services.impl.NgnNetworkService: 2606:6000:cd47:6b00:faa9:d0ff:fe3f:9b72%21
04-16 00:26:41.785 10367 10367 D org.doubango.ngn.services.impl.NgnNetworkService: 2606:6000:cd47:6b00:8175:778d:9c74:e05c%21
04-16 00:26:41.777 10367 10367 D org.doubango.ngn.services.impl.NgnSipService: pcscf-host='199.27.244.13', pcscf-port='5060', transport='UDP', ipversion='ipv4'
04-16 00:26:41.777 10367 10367 D org.doubango.ngn.services.impl.NgnSipService: STUN2 - server=numb.viagenie.ca and port=3478
04-16 00:26:41.777 10367 10367 D org.doubango.ngn.services.impl.NgnSipService: realm='sip:199.27.244.13', impu='sip:19958009-19958009@199.27.244.13', impi='19958009-19958009'
04-16 00:26:41.777 10367 10367 D org.doubango.ngn.services.impl.NgnSipService: register()
04-16 00:26:41.736 10367 10367 E org.doubango.ngn.services.impl.NgnSipService: Failed to start the SIP stack
04-16 00:26:41.735 10367 10367 E org.doubango.ngn.services.impl.NgnNetworkService: No active network
04-16 00:26:41.735 10367 10367 D org.doubango.ngn.services.impl.NgnNetworkService: WiFi not enabled
04-16 00:26:41.735 10367 10367 D org.doubango.ngn.services.impl.NgnNetworkService: netType=1 and netSubType=0
04-16 00:26:41.735 10367 10367 D org.doubango.ngn.services.impl.NgnNetworkService: acquireNetworkLock()
04-16 00:26:41.735 10367 10367 D org.doubango.ngn.services.impl.NgnSipService: TLS - pvk='null' pbk='null' ca='null' verify=false
04-16 00:26:41.735 10367 10367 D org.doubango.ngn.services.impl.NgnSipService: Local IP='192.168.0.13'
04-16 00:26:41.735 10367 10367 I org.doubango.ngn.services.impl.NgnNetworkService: interface=rev_rmnet8 is not up
04-16 00:26:41.734 10367 10367 I org.doubango.ngn.services.impl.NgnNetworkService: interface=rev_rmnet4 is not up
04-16 00:26:41.734 10367 10367 I org.doubango.ngn.services.impl.NgnNetworkService: interface=rev_rmnet3 is not up
04-16 00:26:41.734 10367 10367 I org.doubango.ngn.services.impl.NgnNetworkService: interface=rev_rmnet2 is not up
04-16 00:26:41.734 10367 10367 I org.doubango.ngn.services.impl.NgnNetworkService: interface=rev_rmnet7 is not up
04-16 00:26:41.734 10367 10367 I org.doubango.ngn.services.impl.NgnNetworkService: interface=rev_rmnet6 is not up
04-16 00:26:41.734 10367 10367 I org.doubango.ngn.services.impl.NgnNetworkService: interface=rev_rmnet5 is not up
04-16 00:26:41.733 10367 10367 I org.doubango.ngn.services.impl.NgnNetworkService: interface=rev_rmnet1 is not up
04-16 00:26:41.733 10367 10367 I org.doubango.ngn.services.impl.NgnNetworkService: interface=rev_rmnet0 is not up
04-16 00:26:41.733 10367 10367 I org.doubango.ngn.services.impl.NgnNetworkService: interface=rmnet1 is not up
04-16 00:26:41.733 10367 10367 I org.doubango.ngn.services.impl.NgnNetworkService: interface=rmnet0 is not up
04-16 00:26:41.733 10367 10367 I org.doubango.ngn.services.impl.NgnNetworkService: interface=rmnet4 is not up
04-16 00:26:41.733 10367 10367 I org.doubango.ngn.services.impl.NgnNetworkService: interface=rmnet3 is not up
04-16 00:26:41.733 10367 10367 I org.doubango.ngn.services.impl.NgnNetworkService: interface=rmnet2 is not up
04-16 00:26:41.732 10367 10367 I org.doubango.ngn.services.impl.NgnNetworkService: interface=rmnet7 is not up
04-16 00:26:41.732 10367 10367 I org.doubango.ngn.services.impl.NgnNetworkService: interface=rmnet6 is not up
04-16 00:26:41.732 10367 10367 I org.doubango.ngn.services.impl.NgnNetworkService: interface=rmnet5 is not up
04-16 00:26:41.732 10367 10367 D org.doubango.ngn.services.impl.NgnNetworkService: 127.0.0.1
04-16 00:26:41.732 10367 10367 D org.doubango.ngn.services.impl.NgnNetworkService: ::1%1
04-16 00:26:41.732 10367 10367 D org.doubango.ngn.services.impl.NgnNetworkService: fe80::f8a9:d0ff:fe3f:9b72%p2p0
04-16 00:26:41.731 10367 10367 I org.doubango.ngn.services.impl.NgnNetworkService: interface=sit0 is not up
04-16 00:26:41.731 10367 10367 D org.doubango.ngn.services.impl.NgnNetworkService: 192.168.0.13
04-16 00:26:41.731 10367 10367 D org.doubango.ngn.services.impl.NgnNetworkService: fe80::faa9:d0ff:fe3f:9b72%wlan0
04-16 00:26:41.731 10367 10367 D org.doubango.ngn.services.impl.NgnNetworkService: 2606:6000:cd47:6b00:faa9:d0ff:fe3f:9b72%21
04-16 00:26:41.731 10367 10367 D org.doubango.ngn.services.impl.NgnNetworkService: 2606:6000:cd47:6b00:8175:778d:9c74:e05c%21
04-16 00:26:41.723 10367 10367 D org.doubango.ngn.services.impl.NgnSipService: pcscf-host='199.27.244.13', pcscf-port='5060', transport='UDP', ipversion='ipv4'
04-16 00:26:41.723 10367 10367 D org.doubango.ngn.services.impl.NgnSipService: STUN2 - server=numb.viagenie.ca and port=3478
04-16 00:26:41.723 10367 10367 D org.doubango.ngn.services.impl.NgnSipService: realm='sip:199.27.244.13', impu='sip:19958009-19958009@199.27.244.13', impi='19958009-19958009'
04-16 00:26:41.723 10367 10367 D org.doubango.ngn.services.impl.NgnSipService: register()
04-16 00:26:41.680 10367 10367 E com.app.GTel.Services.Impl.ScreenService: Failed to retrieve the Screen with id=null
04-16 00:26:41.679 10367 10367 E org.doubango.ngn.services.impl.NgnSipService: Failed to start the SIP stack
04-16 00:26:41.677 10367 10367 E org.doubango.ngn.services.impl.NgnNetworkService: No active network
04-16 00:26:41.677 10367 10367 D org.doubango.ngn.services.impl.NgnNetworkService: WiFi not enabled
04-16 00:26:41.677 10367 10367 D org.doubango.ngn.services.impl.NgnNetworkService: netType=1 and netSubType=0
04-16 00:26:41.677 10367 10367 D org.doubango.ngn.services.impl.NgnNetworkService: acquireNetworkLock()
04-16 00:26:41.677 10367 10367 D org.doubango.ngn.services.impl.NgnSipService: TLS - pvk='null' pbk='null' ca='null' verify=false
04-16 00:26:41.677 10367 10367 D org.doubango.ngn.services.impl.NgnSipService: Local IP='192.168.0.13'
04-16 00:26:41.677 10367 10367 I org.doubango.ngn.services.impl.NgnNetworkService: interface=rev_rmnet8 is not up
04-16 00:26:41.677 10367 10367 I org.doubango.ngn.services.impl.NgnNetworkService: interface=rev_rmnet4 is not up
04-16 00:26:41.677 10367 10367 I org.doubango.ngn.services.impl.NgnNetworkService: interface=rev_rmnet3 is not up
04-16 00:26:41.676 10367 10367 I org.doubango.ngn.services.impl.NgnNetworkService: interface=rev_rmnet2 is not up
04-16 00:26:41.676 10367 10367 I org.doubango.ngn.services.impl.NgnNetworkService: interface=rev_rmnet7 is not up
04-16 00:26:41.676 10367 10367 I org.doubango.ngn.services.impl.NgnNetworkService: interface=rev_rmnet6 is not up
04-16 00:26:41.676 10367 10367 I org.doubango.ngn.services.impl.NgnNetworkService: interface=rev_rmnet5 is not up
04-16 00:26:41.676 10367 10367 I org.doubango.ngn.services.impl.NgnNetworkService: interface=rev_rmnet1 is not up
04-16 00:26:41.676 10367 10367 I org.doubango.ngn.services.impl.NgnNetworkService: interface=rev_rmnet0 is not up
04-16 00:26:41.675 10367 10367 I org.doubango.ngn.services.impl.NgnNetworkService: interface=rmnet1 is not up
04-16 00:26:41.675 10367 10367 I org.doubango.ngn.services.impl.NgnNetworkService: interface=rmnet0 is not up
04-16 00:26:41.675 10367 10367 I org.doubango.ngn.services.impl.NgnNetworkService: interface=rmnet4 is not up
04-16 00:26:41.675 10367 10367 I org.doubango.ngn.services.impl.NgnNetworkService: interface=rmnet3 is not up
04-16 00:26:41.675 10367 10367 I org.doubango.ngn.services.impl.NgnNetworkService: interface=rmnet2 is not up
04-16 00:26:41.674 10367 10367 I org.doubango.ngn.services.impl.NgnNetworkService: interface=rmnet7 is not up
04-16 00:26:41.673 10367 10367 I org.doubango.ngn.services.impl.NgnNetworkService: interface=rmnet6 is not up
04-16 00:26:41.673 10367 10367 I org.doubango.ngn.services.impl.NgnNetworkService: interface=rmnet5 is not up
04-16 00:26:41.673 10367 10367 D org.doubango.ngn.services.impl.NgnNetworkService: 127.0.0.1
04-16 00:26:41.673 10367 10367 D org.doubango.ngn.services.impl.NgnNetworkService: ::1%1
04-16 00:26:41.673 10367 10367 D org.doubango.ngn.services.impl.NgnNetworkService: fe80::f8a9:d0ff:fe3f:9b72%p2p0
04-16 00:26:41.673 10367 10367 I org.doubango.ngn.services.impl.NgnNetworkService: interface=sit0 is not up
04-16 00:26:41.672 10367 10367 D org.doubango.ngn.services.impl.NgnNetworkService: 192.168.0.13
04-16 00:26:41.672 10367 10367 D org.doubango.ngn.services.impl.NgnNetworkService: fe80::faa9:d0ff:fe3f:9b72%wlan0
04-16 00:26:41.672 10367 10367 D org.doubango.ngn.services.impl.NgnNetworkService: 2606:6000:cd47:6b00:faa9:d0ff:fe3f:9b72%21
04-16 00:26:41.672 10367 10367 D org.doubango.ngn.services.impl.NgnNetworkService: 2606:6000:cd47:6b00:8175:778d:9c74:e05c%21
04-16 00:26:41.664 10367 10367 D org.doubango.ngn.services.impl.NgnSipService: pcscf-host='199.27.244.13', pcscf-port='5060', transport='UDP', ipversion='ipv4'
04-16 00:26:41.664 10367 10367 D org.doubango.ngn.services.impl.NgnSipService: STUN2 - server=numb.viagenie.ca and port=3478
04-16 00:26:41.664 10367 10367 D org.doubango.ngn.services.impl.NgnSipService: realm='sip:199.27.244.13', impu='sip:19958009-19958009@199.27.244.13', impi='19958009-19958009'
04-16 00:26:41.663 10367 10367 D org.doubango.ngn.services.impl.NgnSipService: register()
04-16 00:26:41.600 10367 10367 W PhoneWindow: Previously focused view reported id 2131362036 during save, but can't be found during restore.
04-16 00:26:41.597 10367 10367 E org.doubango.ngn.services.impl.NgnSipService: Failed to start the SIP stack
04-16 00:26:41.572 10367 10367 E org.doubango.ngn.services.impl.NgnNetworkService: No active network
04-16 00:26:41.572 10367 10367 D org.doubango.ngn.services.impl.NgnNetworkService: WiFi not enabled
04-16 00:26:41.572 10367 10367 D org.doubango.ngn.services.impl.NgnNetworkService: netType=1 and netSubType=0
04-16 00:26:41.572 10367 10367 D org.doubango.ngn.services.impl.NgnNetworkService: acquireNetworkLock()
04-16 00:26:41.572 10367 10367 D org.doubango.ngn.services.impl.NgnSipService: TLS - pvk='null' pbk='null' ca='null' verify=false
04-16 00:26:41.572 10367 10367 D org.doubango.ngn.services.impl.NgnSipService: Local IP='192.168.0.13'
04-16 00:26:41.570 10367 10367 I org.doubango.ngn.services.impl.NgnNetworkService: interface=rev_rmnet8 is not up
04-16 00:26:41.569 10367 10367 I org.doubango.ngn.services.impl.NgnNetworkService: interface=rev_rmnet4 is not up
04-16 00:26:41.569 10367 10367 I org.doubango.ngn.services.impl.NgnNetworkService: interface=rev_rmnet3 is not up
04-16 00:26:41.569 10367 10367 I org.doubango.ngn.services.impl.NgnNetworkService: interface=rev_rmnet2 is not up
04-16 00:26:41.569 10367 10367 I org.doubango.ngn.services.impl.NgnNetworkService: interface=rev_rmnet7 is not up
04-16 00:26:41.568 10367 10367 I org.doubango.ngn.services.impl.NgnNetworkService: interface=rev_rmnet6 is not up
04-16 00:26:41.568 10367 10367 I org.doubango.ngn.services.impl.NgnNetworkService: interface=rev_rmnet5 is not up
04-16 00:26:41.568 10367 10367 I org.doubango.ngn.services.impl.NgnNetworkService: interface=rev_rmnet1 is not up
04-16 00:26:41.568 10367 10367 I org.doubango.ngn.services.impl.NgnNetworkService: interface=rev_rmnet0 is not up
04-16 00:26:41.567 10367 10367 I org.doubango.ngn.services.impl.NgnNetworkService: interface=rmnet1 is not up
04-16 00:26:41.567 10367 10367 I org.doubango.ngn.services.impl.NgnNetworkService: interface=rmnet0 is not up
04-16 00:26:41.567 10367 10367 I org.doubango.ngn.services.impl.NgnNetworkService: interface=rmnet4 is not up
04-16 00:26:41.567 10367 10367 I org.doubango.ngn.services.impl.NgnNetworkService: interface=rmnet3 is not up
04-16 00:26:41.567 10367 10367 I org.doubango.ngn.services.impl.NgnNetworkService: interface=rmnet2 is not up
04-16 00:26:41.567 10367 10367 I org.doubango.ngn.services.impl.NgnNetworkService: interface=rmnet7 is not up
04-16 00:26:41.566 10367 10367 I org.doubango.ngn.services.impl.NgnNetworkService: interface=rmnet6 is not up
04-16 00:26:41.566 10367 10367 I org.doubango.ngn.services.impl.NgnNetworkService: interface=rmnet5 is not up
04-16 00:26:41.566 10367 10367 D org.doubango.ngn.services.impl.NgnNetworkService: 127.0.0.1
04-16 00:26:41.566 10367 10367 D org.doubango.ngn.services.impl.NgnNetworkService: ::1%1
04-16 00:26:41.566 10367 10367 D org.doubango.ngn.services.impl.NgnNetworkService: fe80::f8a9:d0ff:fe3f:9b72%p2p0
04-16 00:26:41.565 10367 10367 I org.doubango.ngn.services.impl.NgnNetworkService: interface=sit0 is not up
04-16 00:26:41.565 10367 10367 D org.doubango.ngn.services.impl.NgnNetworkService: 192.168.0.13
04-16 00:26:41.565 10367 10367 D org.doubango.ngn.services.impl.NgnNetworkService: fe80::faa9:d0ff:fe3f:9b72%wlan0
04-16 00:26:41.565 10367 10367 D org.doubango.ngn.services.impl.NgnNetworkService: 2606:6000:cd47:6b00:faa9:d0ff:fe3f:9b72%21
04-16 00:26:41.565 10367 10367 D org.doubango.ngn.services.impl.NgnNetworkService: 2606:6000:cd47:6b00:8175:778d:9c74:e05c%21
04-16 00:26:41.549 10367 10367 D org.doubango.ngn.services.impl.NgnSipService: pcscf-host='199.27.244.13', pcscf-port='5060', transport='UDP', ipversion='ipv4'
04-16 00:26:41.548 10367 10367 D org.doubango.ngn.services.impl.NgnSipService: STUN2 - server=numb.viagenie.ca and port=3478
04-16 00:26:41.511 10367 10367 D org.doubango.ngn.services.impl.NgnSipService: realm='sip:199.27.244.13', impu='sip:19958009-19958009@199.27.244.13', impi='19958009-19958009'
04-16 00:26:41.509 10367 10367 D org.doubango.ngn.services.impl.NgnSipService: register()
04-16 00:26:41.341 10367 10367 E com.app.GTel.Services.Impl.ScreenService: Failed to retrieve the Screen with id=com.app.GTel.Screens.ScreenTabHome
04-16 00:26:41.331 10367 10367 W PhoneWindow: Previously focused view reported id 2131362036 during save, but can't be found during restore.
04-16 00:19:01.061 10367 10367 D com.app.GTel.NativeService: onStart()
04-16 00:19:01.061 10367 10367 D org.doubango.ngn.NgnNativeService: onStart()
04-16 00:19:01.054 10367 10367 D com.app.GTel.NativeService: onCreate()
04-16 00:19:01.054 10367 10367 D org.doubango.ngn.NgnNativeService: onCreate()
04-16 00:19:01.051 10367 10367 D org.doubango.ngn.NgnEngine: Configure AEC[true/100] AEC_TAIL_ADAPT[false] NoiseSuppression[true], Voice activity detection[false]
04-16 00:19:00.995 10367 10367 D org.doubango.ngn.NgnApplication: sGlEsVersion=196608
04-16 00:19:00.833 10367 10367 W linker  : /data/app/com.app.GTel-1/lib/arm/libtinyWRAP_neon.so has text relocations. This is wasting memory and prevents security hardening. Please fix.
04-16 00:19:00.821 10367 10367 D org.doubango.ngn.NgnEngine: isCpuNeon()=YES
04-16 00:19:00.820 10367 10367 D org.doubango.ngn.NgnEngine: CPU_Feature=15
04-16 00:19:00.699 10367 10367 W linker  : /data/app/com.app.GTel-1/lib/arm/libutils_armv5te.so: unused DT entry: type 0xf arg 0x1438
04-16 00:19:00.675 10367 10367 D org.doubango.ngn.NgnApplication: Build.VERSION.SDK=23
04-16 00:19:00.675 10367 10367 D org.doubango.ngn.NgnApplication: Build.MODEL=nexus 5
04-16 00:19:00.675 10367 10367 D com.app.GTel.GlobalTel: GlobalTel()
--------- beginning of main
